[
  {
    "id": 123,
    "nome": "Novo restaurante",
    "proprietario": "Id do keyclock"
  },
  {
    "id": 234,
    "nome": "Novo Restaurante 2",
    "proprietario": "ID do keyclock2"
  }
]